Archive member included to satisfy reference by file (symbol)

/usr/lib/gcc/avr/4.9.2/avr51/libgcc.a(_udivmodsi4.o)
                              ./uart.o (__udivmodsi4)
/usr/lib/gcc/avr/4.9.2/avr51/libgcc.a(_exit.o)
                              /usr/lib/gcc/avr/4.9.2/../../../avr/lib/avr51/crtatmega128.o (exit)
/usr/lib/gcc/avr/4.9.2/avr51/libgcc.a(_copy_data.o)
                              ./emulator.o (__do_copy_data)
/usr/lib/gcc/avr/4.9.2/avr51/libgcc.a(_clear_bss.o)
                              ./main.o (__do_clear_bss)
/usr/lib/gcc/avr/4.9.2/avr51/libgcc.a(_ctors.o)
                              ./main.o (__do_global_ctors)
/usr/lib/gcc/avr/4.9.2/avr51/libgcc.a(_tablejump2.o)
                              /usr/lib/gcc/avr/4.9.2/avr51/libgcc.a(_ctors.o) (__tablejump2__)
/usr/lib/gcc/avr/4.9.2/../../../avr/lib/avr51/libc.a(rand.o)
                              ./extsram.o (rand)
/usr/lib/gcc/avr/4.9.2/../../../avr/lib/avr51/libc.a(strcmp_P.o)
                              ./serial.o (strcmp_P)
/usr/lib/gcc/avr/4.9.2/../../../avr/lib/avr51/libc.a(strcat.o)
                              ./extsram.o (strcat)
/usr/lib/gcc/avr/4.9.2/../../../avr/lib/avr51/libc.a(strcpy.o)
                              ./extsram.o (strcpy)
/usr/lib/gcc/avr/4.9.2/../../../avr/lib/avr51/libc.a(strncmp.o)
                              ./serial.o (strncmp)
/usr/lib/gcc/avr/4.9.2/../../../avr/lib/avr51/libc.a(itoa.o)
                              ./bluetooth.o (__itoa)
/usr/lib/gcc/avr/4.9.2/../../../avr/lib/avr51/libc.a(itoa_ncheck.o)
                              /usr/lib/gcc/avr/4.9.2/../../../avr/lib/avr51/libc.a(itoa.o) (__itoa_ncheck)
/usr/lib/gcc/avr/4.9.2/../../../avr/lib/avr51/libc.a(utoa_ncheck.o)
                              ./extsram.o (__utoa_ncheck)
/usr/lib/gcc/avr/4.9.2/../../../avr/lib/avr51/libc.a(strrev.o)
                              /usr/lib/gcc/avr/4.9.2/../../../avr/lib/avr51/libc.a(utoa_ncheck.o) (strrev)
/usr/lib/gcc/avr/4.9.2/avr51/libgcc.a(_divmodsi4.o)
                              /usr/lib/gcc/avr/4.9.2/../../../avr/lib/avr51/libc.a(rand.o) (__divmodsi4)
/usr/lib/gcc/avr/4.9.2/avr51/libgcc.a(_negsi2.o)
                              /usr/lib/gcc/avr/4.9.2/avr51/libgcc.a(_divmodsi4.o) (__negsi2)
/usr/lib/gcc/avr/4.9.2/avr51/libgcc.a(_muluhisi3.o)
                              /usr/lib/gcc/avr/4.9.2/../../../avr/lib/avr51/libc.a(rand.o) (__muluhisi3)
/usr/lib/gcc/avr/4.9.2/avr51/libgcc.a(_mulshisi3.o)
                              /usr/lib/gcc/avr/4.9.2/../../../avr/lib/avr51/libc.a(rand.o) (__mulohisi3)
/usr/lib/gcc/avr/4.9.2/avr51/libgcc.a(_umulhisi3.o)
                              /usr/lib/gcc/avr/4.9.2/avr51/libgcc.a(_muluhisi3.o) (__umulhisi3)

Discarded input sections

 .data          0x0000000000000000        0x0 /usr/lib/gcc/avr/4.9.2/../../../avr/lib/avr51/crtatmega128.o
 .bss           0x0000000000000000        0x0 /usr/lib/gcc/avr/4.9.2/../../../avr/lib/avr51/crtatmega128.o
 .text          0x0000000000000000        0x0 ./bluetooth.o
 .data          0x0000000000000000        0x0 ./bluetooth.o
 .bss           0x0000000000000000        0x0 ./bluetooth.o
 .text._ZN9bluetooth2atEv
                0x0000000000000000       0x24 ./bluetooth.o
 .text._ZN9bluetooth11put_raw_intEi
                0x0000000000000000       0x32 ./bluetooth.o
 .text._ZN9bluetooth12put_raw_lintEm
                0x0000000000000000       0x54 ./bluetooth.o
 .text          0x0000000000000000        0x0 ./buffers_ctrl.o
 .data          0x0000000000000000        0x0 ./buffers_ctrl.o
 .bss           0x0000000000000000        0x0 ./buffers_ctrl.o
 .text          0x0000000000000000        0x0 ./emulator.o
 .data          0x0000000000000000        0x0 ./emulator.o
 .bss           0x0000000000000000        0x0 ./emulator.o
 .bootloader    0x0000000000000000       0xbc ./emulator.o
 .text._ZN8emulator23write_data_to_flash_memEP9bluetooth
                0x0000000000000000        0x2 ./emulator.o
 .data._ZN8emulator11tmp_str_sizE
                0x0000000000000000        0x1 ./emulator.o
 .comment       0x0000000000000000       0x12 ./emulator.o
 .text          0x0000000000000000        0x0 ./extsram.o
 .data          0x0000000000000000        0x0 ./extsram.o
 .bss           0x0000000000000000        0x0 ./extsram.o
 .text._ZN7extsram11set_addressEj
                0x0000000000000000       0x1a ./extsram.o
 .text._ZN7extsram8set_dataEh
                0x0000000000000000       0x14 ./extsram.o
 .text._ZN7extsram12delay_cyclesEh
                0x0000000000000000        0xc ./extsram.o
 .text._ZN7extsram9read_modeEj
                0x0000000000000000       0x3c ./extsram.o
 .text._ZN7extsram16read_single_byteEj
                0x0000000000000000       0x22 ./extsram.o
 .text._ZN7extsram10write_modeEj
                0x0000000000000000       0x10 ./extsram.o
 .text._ZN7extsram17write_single_byteEjh
                0x0000000000000000       0x34 ./extsram.o
 .rodata.str1.1
                0x0000000000000000       0x47 ./extsram.o
 .text._ZN7extsram21verify_sram_with_randEPch
                0x0000000000000000      0x112 ./extsram.o
 .text._ZN7extsram10write_dataEjjPh
                0x0000000000000000       0x74 ./extsram.o
 .text._ZN7extsram9read_dataEjjPh
                0x0000000000000000       0x6c ./extsram.o
 .text          0x0000000000000000        0x0 ./leds.o
 .data          0x0000000000000000        0x0 ./leds.o
 .bss           0x0000000000000000        0x0 ./leds.o
 .text._ZN12leds_control7leds_onEv
                0x0000000000000000        0x8 ./leds.o
 .comment       0x0000000000000000       0x12 ./leds.o
 .text          0x0000000000000000        0x0 ./main.o
 .data          0x0000000000000000        0x0 ./main.o
 .bss           0x0000000000000000        0x0 ./main.o
 .text._Z10check_sramv
                0x0000000000000000       0x68 ./main.o
 .text          0x0000000000000000        0x0 ./serial.o
 .data          0x0000000000000000        0x0 ./serial.o
 .bss           0x0000000000000000        0x0 ./serial.o
 .text._ZN14Serial_handler4initEv
                0x0000000000000000        0x4 ./serial.o
 .progmem.data._ZN14Serial_handler3msg3ackE
                0x0000000000000000        0x4 ./serial.o
 .progmem.data._ZN14Serial_handler3msg3endE
                0x0000000000000000        0x5 ./serial.o
 .progmem.data._ZN14Serial_handler3msg17wait_for_data_msgE
                0x0000000000000000        0xf ./serial.o
 .text          0x0000000000000000        0x0 ./uart.o
 .data          0x0000000000000000        0x0 ./uart.o
 .bss           0x0000000000000000        0x0 ./uart.o
 .text.uart0_peek
                0x0000000000000000       0x34 ./uart.o
 .text.uart1_peek
                0x0000000000000000       0x34 ./uart.o
 .text          0x0000000000000000        0x0 /usr/lib/gcc/avr/4.9.2/avr51/libgcc.a(_udivmodsi4.o)
 .data          0x0000000000000000        0x0 /usr/lib/gcc/avr/4.9.2/avr51/libgcc.a(_udivmodsi4.o)
 .bss           0x0000000000000000        0x0 /usr/lib/gcc/avr/4.9.2/avr51/libgcc.a(_udivmodsi4.o)
 .text.libgcc.mul
                0x0000000000000000        0x0 /usr/lib/gcc/avr/4.9.2/avr51/libgcc.a(_udivmodsi4.o)
 .text.libgcc   0x0000000000000000        0x0 /usr/lib/gcc/avr/4.9.2/avr51/libgcc.a(_udivmodsi4.o)
 .text.libgcc.prologue
                0x0000000000000000        0x0 /usr/lib/gcc/avr/4.9.2/avr51/libgcc.a(_udivmodsi4.o)
 .text.libgcc.builtins
                0x0000000000000000        0x0 /usr/lib/gcc/avr/4.9.2/avr51/libgcc.a(_udivmodsi4.o)
 .text.libgcc.fmul
                0x0000000000000000        0x0 /usr/lib/gcc/avr/4.9.2/avr51/libgcc.a(_udivmodsi4.o)
 .text.libgcc.fixed
                0x0000000000000000        0x0 /usr/lib/gcc/avr/4.9.2/avr51/libgcc.a(_udivmodsi4.o)
 .text          0x0000000000000000        0x0 /usr/lib/gcc/avr/4.9.2/avr51/libgcc.a(_exit.o)
 .data          0x0000000000000000        0x0 /usr/lib/gcc/avr/4.9.2/avr51/libgcc.a(_exit.o)
 .bss           0x0000000000000000        0x0 /usr/lib/gcc/avr/4.9.2/avr51/libgcc.a(_exit.o)
 .text.libgcc.mul
                0x0000000000000000        0x0 /usr/lib/gcc/avr/4.9.2/avr51/libgcc.a(_exit.o)
 .text.libgcc.div
                0x0000000000000000        0x0 /usr/lib/gcc/avr/4.9.2/avr51/libgcc.a(_exit.o)
 .text.libgcc   0x0000000000000000        0x0 /usr/lib/gcc/avr/4.9.2/avr51/libgcc.a(_exit.o)
 .text.libgcc.prologue
                0x0000000000000000        0x0 /usr/lib/gcc/avr/4.9.2/avr51/libgcc.a(_exit.o)
 .text.libgcc.builtins
                0x0000000000000000        0x0 /usr/lib/gcc/avr/4.9.2/avr51/libgcc.a(_exit.o)
 .text.libgcc.fmul
                0x0000000000000000        0x0 /usr/lib/gcc/avr/4.9.2/avr51/libgcc.a(_exit.o)
 .text.libgcc.fixed
                0x0000000000000000        0x0 /usr/lib/gcc/avr/4.9.2/avr51/libgcc.a(_exit.o)
 .text          0x0000000000000000        0x0 /usr/lib/gcc/avr/4.9.2/avr51/libgcc.a(_copy_data.o)
 .data          0x0000000000000000        0x0 /usr/lib/gcc/avr/4.9.2/avr51/libgcc.a(_copy_data.o)
 .bss           0x0000000000000000        0x0 /usr/lib/gcc/avr/4.9.2/avr51/libgcc.a(_copy_data.o)
 .text.libgcc.mul
                0x0000000000000000        0x0 /usr/lib/gcc/avr/4.9.2/avr51/libgcc.a(_copy_data.o)
 .text.libgcc.div
                0x0000000000000000        0x0 /usr/lib/gcc/avr/4.9.2/avr51/libgcc.a(_copy_data.o)
 .text.libgcc   0x0000000000000000        0x0 /usr/lib/gcc/avr/4.9.2/avr51/libgcc.a(_copy_data.o)
 .text.libgcc.prologue
                0x0000000000000000        0x0 /usr/lib/gcc/avr/4.9.2/avr51/libgcc.a(_copy_data.o)
 .text.libgcc.builtins
                0x0000000000000000        0x0 /usr/lib/gcc/avr/4.9.2/avr51/libgcc.a(_copy_data.o)
 .text.libgcc.fmul
                0x0000000000000000        0x0 /usr/lib/gcc/avr/4.9.2/avr51/libgcc.a(_copy_data.o)
 .text.libgcc.fixed
                0x0000000000000000        0x0 /usr/lib/gcc/avr/4.9.2/avr51/libgcc.a(_copy_data.o)
 .text          0x0000000000000000        0x0 /usr/lib/gcc/avr/4.9.2/avr51/libgcc.a(_clear_bss.o)
 .data          0x0000000000000000        0x0 /usr/lib/gcc/avr/4.9.2/avr51/libgcc.a(_clear_bss.o)
 .bss           0x0000000000000000        0x0 /usr/lib/gcc/avr/4.9.2/avr51/libgcc.a(_clear_bss.o)
 .text.libgcc.mul
                0x0000000000000000        0x0 /usr/lib/gcc/avr/4.9.2/avr51/libgcc.a(_clear_bss.o)
 .text.libgcc.div
                0x0000000000000000        0x0 /usr/lib/gcc/avr/4.9.2/avr51/libgcc.a(_clear_bss.o)
 .text.libgcc   0x0000000000000000        0x0 /usr/lib/gcc/avr/4.9.2/avr51/libgcc.a(_clear_bss.o)
 .text.libgcc.prologue
                0x0000000000000000        0x0 /usr/lib/gcc/avr/4.9.2/avr51/libgcc.a(_clear_bss.o)
 .text.libgcc.builtins
                0x0000000000000000        0x0 /usr/lib/gcc/avr/4.9.2/avr51/libgcc.a(_clear_bss.o)
 .text.libgcc.fmul
                0x0000000000000000        0x0 /usr/lib/gcc/avr/4.9.2/avr51/libgcc.a(_clear_bss.o)
 .text.libgcc.fixed
                0x0000000000000000        0x0 /usr/lib/gcc/avr/4.9.2/avr51/libgcc.a(_clear_bss.o)
 .text          0x0000000000000000        0x0 /usr/lib/gcc/avr/4.9.2/avr51/libgcc.a(_ctors.o)
 .data          0x0000000000000000        0x0 /usr/lib/gcc/avr/4.9.2/avr51/libgcc.a(_ctors.o)
 .bss           0x0000000000000000        0x0 /usr/lib/gcc/avr/4.9.2/avr51/libgcc.a(_ctors.o)
 .text.libgcc.mul
                0x0000000000000000        0x0 /usr/lib/gcc/avr/4.9.2/avr51/libgcc.a(_ctors.o)
 .text.libgcc.div
                0x0000000000000000        0x0 /usr/lib/gcc/avr/4.9.2/avr51/libgcc.a(_ctors.o)
 .text.libgcc   0x0000000000000000        0x0 /usr/lib/gcc/avr/4.9.2/avr51/libgcc.a(_ctors.o)
 .text.libgcc.prologue
                0x0000000000000000        0x0 /usr/lib/gcc/avr/4.9.2/avr51/libgcc.a(_ctors.o)
 .text.libgcc.builtins
                0x0000000000000000        0x0 /usr/lib/gcc/avr/4.9.2/avr51/libgcc.a(_ctors.o)
 .text.libgcc.fmul
                0x0000000000000000        0x0 /usr/lib/gcc/avr/4.9.2/avr51/libgcc.a(_ctors.o)
 .text.libgcc.fixed
                0x0000000000000000        0x0 /usr/lib/gcc/avr/4.9.2/avr51/libgcc.a(_ctors.o)
 .text          0x0000000000000000        0x0 /usr/lib/gcc/avr/4.9.2/avr51/libgcc.a(_tablejump2.o)
 .data          0x0000000000000000        0x0 /usr/lib/gcc/avr/4.9.2/avr51/libgcc.a(_tablejump2.o)
 .bss           0x0000000000000000        0x0 /usr/lib/gcc/avr/4.9.2/avr51/libgcc.a(_tablejump2.o)
 .text.libgcc.mul
                0x0000000000000000        0x0 /usr/lib/gcc/avr/4.9.2/avr51/libgcc.a(_tablejump2.o)
 .text.libgcc.div
                0x0000000000000000        0x0 /usr/lib/gcc/avr/4.9.2/avr51/libgcc.a(_tablejump2.o)
 .text.libgcc.prologue
                0x0000000000000000        0x0 /usr/lib/gcc/avr/4.9.2/avr51/libgcc.a(_tablejump2.o)
 .text.libgcc.builtins
                0x0000000000000000        0x0 /usr/lib/gcc/avr/4.9.2/avr51/libgcc.a(_tablejump2.o)
 .text.libgcc.fmul
                0x0000000000000000        0x0 /usr/lib/gcc/avr/4.9.2/avr51/libgcc.a(_tablejump2.o)
 .text.libgcc.fixed
                0x0000000000000000        0x0 /usr/lib/gcc/avr/4.9.2/avr51/libgcc.a(_tablejump2.o)
 .text          0x0000000000000000        0x0 /usr/lib/gcc/avr/4.9.2/../../../avr/lib/avr51/libc.a(rand.o)
 .data          0x0000000000000000        0x4 /usr/lib/gcc/avr/4.9.2/../../../avr/lib/avr51/libc.a(rand.o)
 .bss           0x0000000000000000        0x0 /usr/lib/gcc/avr/4.9.2/../../../avr/lib/avr51/libc.a(rand.o)
 .text.avr-libc
                0x0000000000000000       0xb4 /usr/lib/gcc/avr/4.9.2/../../../avr/lib/avr51/libc.a(rand.o)
 .comment       0x0000000000000000       0x12 /usr/lib/gcc/avr/4.9.2/../../../avr/lib/avr51/libc.a(rand.o)
 .text          0x0000000000000000        0x0 /usr/lib/gcc/avr/4.9.2/../../../avr/lib/avr51/libc.a(strcmp_P.o)
 .data          0x0000000000000000        0x0 /usr/lib/gcc/avr/4.9.2/../../../avr/lib/avr51/libc.a(strcmp_P.o)
 .bss           0x0000000000000000        0x0 /usr/lib/gcc/avr/4.9.2/../../../avr/lib/avr51/libc.a(strcmp_P.o)
 .text          0x0000000000000000        0x0 /usr/lib/gcc/avr/4.9.2/../../../avr/lib/avr51/libc.a(strcat.o)
 .data          0x0000000000000000        0x0 /usr/lib/gcc/avr/4.9.2/../../../avr/lib/avr51/libc.a(strcat.o)
 .bss           0x0000000000000000        0x0 /usr/lib/gcc/avr/4.9.2/../../../avr/lib/avr51/libc.a(strcat.o)
 .text.avr-libc
                0x0000000000000000       0x16 /usr/lib/gcc/avr/4.9.2/../../../avr/lib/avr51/libc.a(strcat.o)
 .text          0x0000000000000000        0x0 /usr/lib/gcc/avr/4.9.2/../../../avr/lib/avr51/libc.a(strcpy.o)
 .data          0x0000000000000000        0x0 /usr/lib/gcc/avr/4.9.2/../../../avr/lib/avr51/libc.a(strcpy.o)
 .bss           0x0000000000000000        0x0 /usr/lib/gcc/avr/4.9.2/../../../avr/lib/avr51/libc.a(strcpy.o)
 .text.avr-libc
                0x0000000000000000        0xe /usr/lib/gcc/avr/4.9.2/../../../avr/lib/avr51/libc.a(strcpy.o)
 .text          0x0000000000000000        0x0 /usr/lib/gcc/avr/4.9.2/../../../avr/lib/avr51/libc.a(strncmp.o)
 .data          0x0000000000000000        0x0 /usr/lib/gcc/avr/4.9.2/../../../avr/lib/avr51/libc.a(strncmp.o)
 .bss           0x0000000000000000        0x0 /usr/lib/gcc/avr/4.9.2/../../../avr/lib/avr51/libc.a(strncmp.o)
 .text          0x0000000000000000        0x0 /usr/lib/gcc/avr/4.9.2/../../../avr/lib/avr51/libc.a(itoa.o)
 .data          0x0000000000000000        0x0 /usr/lib/gcc/avr/4.9.2/../../../avr/lib/avr51/libc.a(itoa.o)
 .bss           0x0000000000000000        0x0 /usr/lib/gcc/avr/4.9.2/../../../avr/lib/avr51/libc.a(itoa.o)
 .text          0x0000000000000000        0x0 /usr/lib/gcc/avr/4.9.2/../../../avr/lib/avr51/libc.a(itoa_ncheck.o)
 .data          0x0000000000000000        0x0 /usr/lib/gcc/avr/4.9.2/../../../avr/lib/avr51/libc.a(itoa_ncheck.o)
 .bss           0x0000000000000000        0x0 /usr/lib/gcc/avr/4.9.2/../../../avr/lib/avr51/libc.a(itoa_ncheck.o)
 .text          0x0000000000000000        0x0 /usr/lib/gcc/avr/4.9.2/../../../avr/lib/avr51/libc.a(utoa_ncheck.o)
 .data          0x0000000000000000        0x0 /usr/lib/gcc/avr/4.9.2/../../../avr/lib/avr51/libc.a(utoa_ncheck.o)
 .bss           0x0000000000000000        0x0 /usr/lib/gcc/avr/4.9.2/../../../avr/lib/avr51/libc.a(utoa_ncheck.o)
 .text          0x0000000000000000        0x0 /usr/lib/gcc/avr/4.9.2/../../../avr/lib/avr51/libc.a(strrev.o)
 .data          0x0000000000000000        0x0 /usr/lib/gcc/avr/4.9.2/../../../avr/lib/avr51/libc.a(strrev.o)
 .bss           0x0000000000000000        0x0 /usr/lib/gcc/avr/4.9.2/../../../avr/lib/avr51/libc.a(strrev.o)
 .text          0x0000000000000000        0x0 /usr/lib/gcc/avr/4.9.2/avr51/libgcc.a(_divmodsi4.o)
 .data          0x0000000000000000        0x0 /usr/lib/gcc/avr/4.9.2/avr51/libgcc.a(_divmodsi4.o)
 .bss           0x0000000000000000        0x0 /usr/lib/gcc/avr/4.9.2/avr51/libgcc.a(_divmodsi4.o)
 .text.libgcc.mul
                0x0000000000000000        0x0 /usr/lib/gcc/avr/4.9.2/avr51/libgcc.a(_divmodsi4.o)
 .text.libgcc.div
                0x0000000000000000       0x2e /usr/lib/gcc/avr/4.9.2/avr51/libgcc.a(_divmodsi4.o)
 .text.libgcc   0x0000000000000000        0x0 /usr/lib/gcc/avr/4.9.2/avr51/libgcc.a(_divmodsi4.o)
 .text.libgcc.prologue
                0x0000000000000000        0x0 /usr/lib/gcc/avr/4.9.2/avr51/libgcc.a(_divmodsi4.o)
 .text.libgcc.builtins
                0x0000000000000000        0x0 /usr/lib/gcc/avr/4.9.2/avr51/libgcc.a(_divmodsi4.o)
 .text.libgcc.fmul
                0x0000000000000000        0x0 /usr/lib/gcc/avr/4.9.2/avr51/libgcc.a(_divmodsi4.o)
 .text.libgcc.fixed
                0x0000000000000000        0x0 /usr/lib/gcc/avr/4.9.2/avr51/libgcc.a(_divmodsi4.o)
 .text          0x0000000000000000        0x0 /usr/lib/gcc/avr/4.9.2/avr51/libgcc.a(_negsi2.o)
 .data          0x0000000000000000        0x0 /usr/lib/gcc/avr/4.9.2/avr51/libgcc.a(_negsi2.o)
 .bss           0x0000000000000000        0x0 /usr/lib/gcc/avr/4.9.2/avr51/libgcc.a(_negsi2.o)
 .text.libgcc.mul
                0x0000000000000000        0x0 /usr/lib/gcc/avr/4.9.2/avr51/libgcc.a(_negsi2.o)
 .text.libgcc.div
                0x0000000000000000       0x10 /usr/lib/gcc/avr/4.9.2/avr51/libgcc.a(_negsi2.o)
 .text.libgcc   0x0000000000000000        0x0 /usr/lib/gcc/avr/4.9.2/avr51/libgcc.a(_negsi2.o)
 .text.libgcc.prologue
                0x0000000000000000        0x0 /usr/lib/gcc/avr/4.9.2/avr51/libgcc.a(_negsi2.o)
 .text.libgcc.builtins
                0x0000000000000000        0x0 /usr/lib/gcc/avr/4.9.2/avr51/libgcc.a(_negsi2.o)
 .text.libgcc.fmul
                0x0000000000000000        0x0 /usr/lib/gcc/avr/4.9.2/avr51/libgcc.a(_negsi2.o)
 .text.libgcc.fixed
                0x0000000000000000        0x0 /usr/lib/gcc/avr/4.9.2/avr51/libgcc.a(_negsi2.o)
 .text          0x0000000000000000        0x0 /usr/lib/gcc/avr/4.9.2/avr51/libgcc.a(_muluhisi3.o)
 .data          0x0000000000000000        0x0 /usr/lib/gcc/avr/4.9.2/avr51/libgcc.a(_muluhisi3.o)
 .bss           0x0000000000000000        0x0 /usr/lib/gcc/avr/4.9.2/avr51/libgcc.a(_muluhisi3.o)
 .text.libgcc.mul
                0x0000000000000000       0x16 /usr/lib/gcc/avr/4.9.2/avr51/libgcc.a(_muluhisi3.o)
 .text.libgcc.div
                0x0000000000000000        0x0 /usr/lib/gcc/avr/4.9.2/avr51/libgcc.a(_muluhisi3.o)
 .text.libgcc   0x0000000000000000        0x0 /usr/lib/gcc/avr/4.9.2/avr51/libgcc.a(_muluhisi3.o)
 .text.libgcc.prologue
                0x0000000000000000        0x0 /usr/lib/gcc/avr/4.9.2/avr51/libgcc.a(_muluhisi3.o)
 .text.libgcc.builtins
                0x0000000000000000        0x0 /usr/lib/gcc/avr/4.9.2/avr51/libgcc.a(_muluhisi3.o)
 .text.libgcc.fmul
                0x0000000000000000        0x0 /usr/lib/gcc/avr/4.9.2/avr51/libgcc.a(_muluhisi3.o)
 .text.libgcc.fixed
                0x0000000000000000        0x0 /usr/lib/gcc/avr/4.9.2/avr51/libgcc.a(_muluhisi3.o)
 .text          0x0000000000000000        0x0 /usr/lib/gcc/avr/4.9.2/avr51/libgcc.a(_mulshisi3.o)
 .data          0x0000000000000000        0x0 /usr/lib/gcc/avr/4.9.2/avr51/libgcc.a(_mulshisi3.o)
 .bss           0x0000000000000000        0x0 /usr/lib/gcc/avr/4.9.2/avr51/libgcc.a(_mulshisi3.o)
 .text.libgcc.mul
                0x0000000000000000       0x10 /usr/lib/gcc/avr/4.9.2/avr51/libgcc.a(_mulshisi3.o)
 .text.libgcc.div
                0x0000000000000000        0x0 /usr/lib/gcc/avr/4.9.2/avr51/libgcc.a(_mulshisi3.o)
 .text.libgcc   0x0000000000000000        0x0 /usr/lib/gcc/avr/4.9.2/avr51/libgcc.a(_mulshisi3.o)
 .text.libgcc.prologue
                0x0000000000000000        0x0 /usr/lib/gcc/avr/4.9.2/avr51/libgcc.a(_mulshisi3.o)
 .text.libgcc.builtins
                0x0000000000000000        0x0 /usr/lib/gcc/avr/4.9.2/avr51/libgcc.a(_mulshisi3.o)
 .text.libgcc.fmul
                0x0000000000000000        0x0 /usr/lib/gcc/avr/4.9.2/avr51/libgcc.a(_mulshisi3.o)
 .text.libgcc.fixed
                0x0000000000000000        0x0 /usr/lib/gcc/avr/4.9.2/avr51/libgcc.a(_mulshisi3.o)
 .text          0x0000000000000000        0x0 /usr/lib/gcc/avr/4.9.2/avr51/libgcc.a(_umulhisi3.o)
 .data          0x0000000000000000        0x0 /usr/lib/gcc/avr/4.9.2/avr51/libgcc.a(_umulhisi3.o)
 .bss           0x0000000000000000        0x0 /usr/lib/gcc/avr/4.9.2/avr51/libgcc.a(_umulhisi3.o)
 .text.libgcc.mul
                0x0000000000000000       0x1e /usr/lib/gcc/avr/4.9.2/avr51/libgcc.a(_umulhisi3.o)
 .text.libgcc.div
                0x0000000000000000        0x0 /usr/lib/gcc/avr/4.9.2/avr51/libgcc.a(_umulhisi3.o)
 .text.libgcc   0x0000000000000000        0x0 /usr/lib/gcc/avr/4.9.2/avr51/libgcc.a(_umulhisi3.o)
 .text.libgcc.prologue
                0x0000000000000000        0x0 /usr/lib/gcc/avr/4.9.2/avr51/libgcc.a(_umulhisi3.o)
 .text.libgcc.builtins
                0x0000000000000000        0x0 /usr/lib/gcc/avr/4.9.2/avr51/libgcc.a(_umulhisi3.o)
 .text.libgcc.fmul
                0x0000000000000000        0x0 /usr/lib/gcc/avr/4.9.2/avr51/libgcc.a(_umulhisi3.o)
 .text.libgcc.fixed
                0x0000000000000000        0x0 /usr/lib/gcc/avr/4.9.2/avr51/libgcc.a(_umulhisi3.o)

Memory Configuration

Name             Origin             Length             Attributes
text             0x0000000000000000 0x0000000000020000 xr
data             0x0000000000800100 0x000000000000ff00 rw !x
eeprom           0x0000000000810000 0x0000000000010000 rw !x
fuse             0x0000000000820000 0x0000000000000400 rw !x
lock             0x0000000000830000 0x0000000000000400 rw !x
signature        0x0000000000840000 0x0000000000000400 rw !x
user_signatures  0x0000000000850000 0x0000000000000400 rw !x
*default*        0x0000000000000000 0xffffffffffffffff

Linker script and memory map

Address of section .data set to 0x800100
LOAD /usr/lib/gcc/avr/4.9.2/../../../avr/lib/avr51/crtatmega128.o
Address of section .bootloader_section set to 0x1e000
Address of section .image_section set to 0x1000
LOAD ./bluetooth.o
LOAD ./buffers_ctrl.o
LOAD ./emulator.o
LOAD ./extsram.o
LOAD ./leds.o
LOAD ./main.o
LOAD ./serial.o
LOAD ./uart.o
LOAD /usr/lib/gcc/avr/4.9.2/avr51/libgcc.a
LOAD /usr/lib/gcc/avr/4.9.2/../../../avr/lib/avr51/libm.a
START GROUP
LOAD /usr/lib/gcc/avr/4.9.2/avr51/libgcc.a
LOAD /usr/lib/gcc/avr/4.9.2/../../../avr/lib/avr51/libm.a
LOAD /usr/lib/gcc/avr/4.9.2/../../../avr/lib/avr51/libc.a
LOAD /usr/lib/gcc/avr/4.9.2/../../../avr/lib/avr51/libatmega128.a
END GROUP

.hash
 *(.hash)

.dynsym
 *(.dynsym)

.dynstr
 *(.dynstr)

.gnu.version
 *(.gnu.version)

.gnu.version_d
 *(.gnu.version_d)

.gnu.version_r
 *(.gnu.version_r)

.rel.init
 *(.rel.init)

.rela.init
 *(.rela.init)

.rel.text
 *(.rel.text)
 *(.rel.text.*)
 *(.rel.gnu.linkonce.t*)

.rela.text
 *(.rela.text)
 *(.rela.text.*)
 *(.rela.gnu.linkonce.t*)

.rel.fini
 *(.rel.fini)

.rela.fini
 *(.rela.fini)

.rel.rodata
 *(.rel.rodata)
 *(.rel.rodata.*)
 *(.rel.gnu.linkonce.r*)

.rela.rodata
 *(.rela.rodata)
 *(.rela.rodata.*)
 *(.rela.gnu.linkonce.r*)

.rel.data
 *(.rel.data)
 *(.rel.data.*)
 *(.rel.gnu.linkonce.d*)

.rela.data
 *(.rela.data)
 *(.rela.data.*)
 *(.rela.gnu.linkonce.d*)

.rel.ctors
 *(.rel.ctors)

.rela.ctors
 *(.rela.ctors)

.rel.dtors
 *(.rel.dtors)

.rela.dtors
 *(.rela.dtors)

.rel.got
 *(.rel.got)

.rela.got
 *(.rela.got)

.rel.bss
 *(.rel.bss)

.rela.bss
 *(.rela.bss)

.rel.plt
 *(.rel.plt)

.rela.plt
 *(.rela.plt)

.text           0x0000000000000000      0xa32
 *(.vectors)
 .vectors       0x0000000000000000       0x8c /usr/lib/gcc/avr/4.9.2/../../../avr/lib/avr51/crtatmega128.o
                0x0000000000000000                __vectors
                0x0000000000000000                __vector_default
 *(.vectors)
 *(.progmem.gcc*)
                0x000000000000008c                . = ALIGN (0x2)
                0x000000000000008c                __trampolines_start = .
 *(.trampolines)
 .trampolines   0x000000000000008c        0x0 linker stubs
 *(.trampolines*)
                0x000000000000008c                __trampolines_end = .
 *(.progmem*)
 .progmem.data._ZN14Serial_handler3msg8emulatorE
                0x000000000000008c        0xc ./serial.o
                0x000000000000008c                _ZN14Serial_handler3msg8emulatorE
 .progmem.data._ZN14Serial_handler3msg7timeoutE
                0x0000000000000098        0x9 ./serial.o
                0x0000000000000098                _ZN14Serial_handler3msg7timeoutE
 .progmem.data._ZN14Serial_handler3msg9page_sizeE
                0x00000000000000a1        0xb ./serial.o
                0x00000000000000a1                _ZN14Serial_handler3msg9page_sizeE
 .progmem.data._ZN14Serial_handler3msg9handshakeE
                0x00000000000000ac       0x24 ./serial.o
                0x00000000000000ac                _ZN14Serial_handler3msg9handshakeE
 .progmem.data._ZN14Serial_handler3msg16compilation_dateE
                0x00000000000000d0        0xc ./serial.o
                0x00000000000000d0                _ZN14Serial_handler3msg16compilation_dateE
                0x00000000000000dc                . = ALIGN (0x2)
 *(.jumptables)
 *(.jumptables*)
 *(.lowtext)
 *(.lowtext*)
                0x00000000000000dc                __ctors_start = .
 *(.ctors)
 .ctors         0x00000000000000dc        0x2 ./main.o
                0x00000000000000de                __ctors_end = .
                0x00000000000000de                __dtors_start = .
 *(.dtors)
                0x00000000000000de                __dtors_end = .
 SORT(*)(.ctors)
 SORT(*)(.dtors)
 *(.init0)
 .init0         0x00000000000000de        0x0 /usr/lib/gcc/avr/4.9.2/../../../avr/lib/avr51/crtatmega128.o
                0x00000000000000de                __init
 *(.init0)
 *(.init1)
 *(.init1)
 *(.init2)
 .init2         0x00000000000000de        0xc /usr/lib/gcc/avr/4.9.2/../../../avr/lib/avr51/crtatmega128.o
 *(.init2)
 *(.init3)
 *(.init3)
 *(.init4)
 .init4         0x00000000000000ea       0x1a /usr/lib/gcc/avr/4.9.2/avr51/libgcc.a(_copy_data.o)
                0x00000000000000ea                __do_copy_data
 .init4         0x0000000000000104       0x10 /usr/lib/gcc/avr/4.9.2/avr51/libgcc.a(_clear_bss.o)
                0x0000000000000104                __do_clear_bss
 *(.init4)
 *(.init5)
 *(.init5)
 *(.init6)
 .init6         0x0000000000000114       0x14 /usr/lib/gcc/avr/4.9.2/avr51/libgcc.a(_ctors.o)
                0x0000000000000114                __do_global_ctors
 *(.init6)
 *(.init7)
 *(.init7)
 *(.init8)
 *(.init8)
 *(.init9)
 .init9         0x0000000000000128        0x4 /usr/lib/gcc/avr/4.9.2/../../../avr/lib/avr51/crtatmega128.o
 *(.init9)
 *(.text)
 .text          0x000000000000012c        0x2 /usr/lib/gcc/avr/4.9.2/../../../avr/lib/avr51/crtatmega128.o
                0x000000000000012c                __vector_22
                0x000000000000012c                __vector_28
                0x000000000000012c                __vector_1
                0x000000000000012c                __vector_32
                0x000000000000012c                __vector_34
                0x000000000000012c                __vector_24
                0x000000000000012c                __vector_12
                0x000000000000012c                __bad_interrupt
                0x000000000000012c                __vector_6
                0x000000000000012c                __vector_3
                0x000000000000012c                __vector_23
                0x000000000000012c                __vector_25
                0x000000000000012c                __vector_11
                0x000000000000012c                __vector_13
                0x000000000000012c                __vector_17
                0x000000000000012c                __vector_7
                0x000000000000012c                __vector_27
                0x000000000000012c                __vector_5
                0x000000000000012c                __vector_33
                0x000000000000012c                __vector_4
                0x000000000000012c                __vector_9
                0x000000000000012c                __vector_2
                0x000000000000012c                __vector_21
                0x000000000000012c                __vector_15
                0x000000000000012c                __vector_29
                0x000000000000012c                __vector_8
                0x000000000000012c                __vector_26
                0x000000000000012c                __vector_14
                0x000000000000012c                __vector_10
                0x000000000000012c                __vector_16
                0x000000000000012c                __vector_20
                0x000000000000012e                . = ALIGN (0x2)
 *(.text.*)
 .text._ZN9bluetoothC2EjNS_5usartE
                0x000000000000012e       0x8c ./bluetooth.o
                0x000000000000012e                _ZN9bluetoothC1EjNS_5usartE
                0x000000000000012e                _ZN9bluetoothC2EjNS_5usartE
 .text._ZN9bluetooth5get_sEPch
                0x00000000000001ba       0xac ./bluetooth.o
                0x00000000000001ba                _ZN9bluetooth5get_sEPch
 .text._ZN9bluetooth9put_int_sEih
                0x0000000000000266       0x4c ./bluetooth.o
                0x0000000000000266                _ZN9bluetooth9put_int_sEih
 .text._ZN12buffers_ctrlC2Ev
                0x00000000000002b2        0xa ./buffers_ctrl.o
                0x00000000000002b2                _ZN12buffers_ctrlC1Ev
                0x00000000000002b2                _ZN12buffers_ctrlC2Ev
 .text._ZN7extsram3ce_aSE9pin_state.isra.0.part.1
                0x00000000000002bc        0x4 ./extsram.o
 .text._ZN7extsram3we_aSE9pin_state.isra.4.part.5
                0x00000000000002c0        0x4 ./extsram.o
 .text._ZN7extsram12default_modeEv
                0x00000000000002c4        0xc ./extsram.o
                0x00000000000002c4                _ZN7extsram12default_modeEv
 .text._ZN7extsramC2Ev
                0x00000000000002d0       0x48 ./extsram.o
                0x00000000000002d0                _ZN7extsramC1Ev
                0x00000000000002d0                _ZN7extsramC2Ev
 .text.startup.main
                0x0000000000000318      0x108 ./main.o
                0x0000000000000318                main
 .text.startup._GLOBAL__sub_I__Z10check_sramv
                0x0000000000000420       0x12 ./main.o
 .text._ZN14Serial_handlerC2EP9bluetooth
                0x0000000000000432       0x10 ./serial.o
                0x0000000000000432                _ZN14Serial_handlerC1EP9bluetooth
                0x0000000000000432                _ZN14Serial_handlerC2EP9bluetooth
 .text._ZN14Serial_handler12is_in_bufferEPKchNS_8switchesE
                0x0000000000000442       0x54 ./serial.o
                0x0000000000000442                _ZN14Serial_handler12is_in_bufferEPKchNS_8switchesE
 .text._ZN14Serial_handler9handshakeEv
                0x0000000000000496       0x56 ./serial.o
                0x0000000000000496                _ZN14Serial_handler9handshakeEv
 .text._ZN14Serial_handler12wait_for_ackEj
                0x00000000000004ec       0x78 ./serial.o
                0x00000000000004ec                _ZN14Serial_handler12wait_for_ackEj
 .text._ZN14Serial_handler6handleEv
                0x0000000000000564       0x3a ./serial.o
                0x0000000000000564                _ZN14Serial_handler6handleEv
 .text.__vector_18
                0x000000000000059e       0x6e ./uart.o
                0x000000000000059e                __vector_18
 .text.__vector_19
                0x000000000000060c       0x56 ./uart.o
                0x000000000000060c                __vector_19
 .text.uart0_init
                0x0000000000000662       0x40 ./uart.o
                0x0000000000000662                uart0_init
 .text.uart0_getc
                0x00000000000006a2       0x3a ./uart.o
                0x00000000000006a2                uart0_getc
 .text.uart0_putc
                0x00000000000006dc       0x2a ./uart.o
                0x00000000000006dc                uart0_putc
 .text.uart0_puts
                0x0000000000000706       0x16 ./uart.o
                0x0000000000000706                uart0_puts
 .text.uart0_puts_p
                0x000000000000071c       0x1c ./uart.o
                0x000000000000071c                uart0_puts_p
 .text.uart0_available
                0x0000000000000738       0x16 ./uart.o
                0x0000000000000738                uart0_available
 .text.uart0_flush
                0x000000000000074e        0xa ./uart.o
                0x000000000000074e                uart0_flush
 .text.__vector_30
                0x0000000000000758       0x72 ./uart.o
                0x0000000000000758                __vector_30
 .text.__vector_31
                0x00000000000007ca       0x60 ./uart.o
                0x00000000000007ca                __vector_31
 .text.uart1_init
                0x000000000000082a       0x46 ./uart.o
                0x000000000000082a                uart1_init
 .text.uart1_getc
                0x0000000000000870       0x3a ./uart.o
                0x0000000000000870                uart1_getc
 .text.uart1_putc
                0x00000000000008aa       0x32 ./uart.o
                0x00000000000008aa                uart1_putc
 .text.uart1_puts
                0x00000000000008dc       0x18 ./uart.o
                0x00000000000008dc                uart1_puts
 .text.uart1_puts_p
                0x00000000000008f4       0x1c ./uart.o
                0x00000000000008f4                uart1_puts_p
 .text.uart1_available
                0x0000000000000910       0x16 ./uart.o
                0x0000000000000910                uart1_available
 .text.uart1_flush
                0x0000000000000926        0xa ./uart.o
                0x0000000000000926                uart1_flush
 .text.libgcc.div
                0x0000000000000930       0x44 /usr/lib/gcc/avr/4.9.2/avr51/libgcc.a(_udivmodsi4.o)
                0x0000000000000930                __udivmodsi4
 .text.libgcc   0x0000000000000974       0x12 /usr/lib/gcc/avr/4.9.2/avr51/libgcc.a(_tablejump2.o)
                0x0000000000000974                __tablejump2__
 .text.avr-libc
                0x0000000000000986       0x12 /usr/lib/gcc/avr/4.9.2/../../../avr/lib/avr51/libc.a(strcmp_P.o)
                0x0000000000000986                strcmp_P
 .text.avr-libc
                0x0000000000000998       0x1c /usr/lib/gcc/avr/4.9.2/../../../avr/lib/avr51/libc.a(strncmp.o)
                0x0000000000000998                strncmp
 .text.avr-libc
                0x00000000000009b4       0x14 /usr/lib/gcc/avr/4.9.2/../../../avr/lib/avr51/libc.a(itoa.o)
                0x00000000000009b4                itoa
                0x00000000000009b4                __itoa
 .text.avr-libc
                0x00000000000009c8       0x14 /usr/lib/gcc/avr/4.9.2/../../../avr/lib/avr51/libc.a(itoa_ncheck.o)
                0x00000000000009c8                __itoa_ncheck
 .text.avr-libc
                0x00000000000009dc       0x32 /usr/lib/gcc/avr/4.9.2/../../../avr/lib/avr51/libc.a(utoa_ncheck.o)
                0x00000000000009dc                __utoa_ncheck
                0x00000000000009de                __utoa_common
 .text.avr-libc
                0x0000000000000a0e       0x20 /usr/lib/gcc/avr/4.9.2/../../../avr/lib/avr51/libc.a(strrev.o)
                0x0000000000000a0e                strrev
                0x0000000000000a2e                . = ALIGN (0x2)
 *(.fini9)
 .fini9         0x0000000000000a2e        0x0 /usr/lib/gcc/avr/4.9.2/avr51/libgcc.a(_exit.o)
                0x0000000000000a2e                exit
                0x0000000000000a2e                _exit
 *(.fini9)
 *(.fini8)
 *(.fini8)
 *(.fini7)
 *(.fini7)
 *(.fini6)
 *(.fini6)
 *(.fini5)
 *(.fini5)
 *(.fini4)
 *(.fini4)
 *(.fini3)
 *(.fini3)
 *(.fini2)
 *(.fini2)
 *(.fini1)
 *(.fini1)
 *(.fini0)
 .fini0         0x0000000000000a2e        0x4 /usr/lib/gcc/avr/4.9.2/avr51/libgcc.a(_exit.o)
 *(.fini0)
                0x0000000000000a32                _etext = .

.data           0x0000000000800100       0x16 load address 0x0000000000000a32
                0x0000000000800100                PROVIDE (__data_start, .)
 *(.data)
 *(.data*)
 *(.rodata)
 *(.rodata*)
 .rodata.str1.1
                0x0000000000800100        0xf ./main.o
 .rodata.str1.1
                0x000000000080010f        0x7 ./serial.o
                                          0x9 (size before relaxing)
 *(.gnu.linkonce.d*)
                0x0000000000800116                . = ALIGN (0x2)
                0x0000000000800116                _edata = .
                0x0000000000800116                PROVIDE (__data_end, .)

.bss            0x0000000000800116      0x18e
                0x0000000000800116                PROVIDE (__bss_start, .)
 *(.bss)
 *(.bss*)
 .bss.u         0x0000000000800116        0x4 ./main.o
                0x0000000000800116                u
 .bss.data_bytes
                0x000000000080011a      0x100 ./main.o
                0x000000000080011a                data_bytes
 .bss.UART1_LastRxError
                0x000000000080021a        0x1 ./uart.o
 .bss.UART1_RxTail
                0x000000000080021b        0x1 ./uart.o
 .bss.UART1_RxHead
                0x000000000080021c        0x1 ./uart.o
 .bss.UART1_TxTail
                0x000000000080021d        0x1 ./uart.o
 .bss.UART1_TxHead
                0x000000000080021e        0x1 ./uart.o
 .bss.UART1_RxBuf
                0x000000000080021f       0x20 ./uart.o
 .bss.UART1_TxBuf
                0x000000000080023f       0x20 ./uart.o
 .bss.UART_LastRxError
                0x000000000080025f        0x1 ./uart.o
 .bss.UART_RxTail
                0x0000000000800260        0x1 ./uart.o
 .bss.UART_RxHead
                0x0000000000800261        0x1 ./uart.o
 .bss.UART_TxTail
                0x0000000000800262        0x1 ./uart.o
 .bss.UART_TxHead
                0x0000000000800263        0x1 ./uart.o
 .bss.UART_RxBuf
                0x0000000000800264       0x20 ./uart.o
 .bss.UART_TxBuf
                0x0000000000800284       0x20 ./uart.o
 *(COMMON)
                0x00000000008002a4                PROVIDE (__bss_end, .)
                0x0000000000000a32                __data_load_start = LOADADDR (.data)
                0x0000000000000a48                __data_load_end = (__data_load_start + SIZEOF (.data))

.noinit         0x00000000008002a4        0x0
                0x00000000008002a4                PROVIDE (__noinit_start, .)
 *(.noinit*)
                0x00000000008002a4                PROVIDE (__noinit_end, .)
                0x00000000008002a4                _end = .
                0x00000000008002a4                PROVIDE (__heap_start, .)

.eeprom         0x0000000000810000        0x0
 *(.eeprom*)
                0x0000000000810000                __eeprom_end = .

.fuse
 *(.fuse)
 *(.lfuse)
 *(.hfuse)
 *(.efuse)

.lock
 *(.lock*)

.signature
 *(.signature*)

.user_signatures
 *(.user_signatures*)

.stab
 *(.stab)

.stabstr
 *(.stabstr)

.stab.excl
 *(.stab.excl)

.stab.exclstr
 *(.stab.exclstr)

.stab.index
 *(.stab.index)

.stab.indexstr
 *(.stab.indexstr)

.comment        0x0000000000000000       0x11
 *(.comment)
 .comment       0x0000000000000000       0x11 ./bluetooth.o
                                         0x12 (size before relaxing)
 .comment       0x0000000000000011       0x12 ./buffers_ctrl.o
 .comment       0x0000000000000011       0x12 ./extsram.o
 .comment       0x0000000000000011       0x12 ./main.o
 .comment       0x0000000000000011       0x12 ./serial.o
 .comment       0x0000000000000011       0x12 ./uart.o

.note.gnu.avr.deviceinfo
                0x0000000000000000       0x3c
 .note.gnu.avr.deviceinfo
                0x0000000000000000       0x3c /usr/lib/gcc/avr/4.9.2/../../../avr/lib/avr51/crtatmega128.o

.note.gnu.build-id
 *(.note.gnu.build-id)

.debug
 *(.debug)

.line
 *(.line)

.debug_srcinfo
 *(.debug_srcinfo)

.debug_sfnames
 *(.debug_sfnames)

.debug_aranges
 *(.debug_aranges)

.debug_pubnames
 *(.debug_pubnames)

.debug_info
 *(.debug_info .gnu.linkonce.wi.*)

.debug_abbrev
 *(.debug_abbrev)

.debug_line
 *(.debug_line .debug_line.* .debug_line_end)

.debug_frame
 *(.debug_frame)

.debug_str
 *(.debug_str)

.debug_loc
 *(.debug_loc)

.debug_macinfo
 *(.debug_macinfo)

.debug_weaknames
 *(.debug_weaknames)

.debug_funcnames
 *(.debug_funcnames)

.debug_typenames
 *(.debug_typenames)

.debug_varnames
 *(.debug_varnames)

.debug_pubtypes
 *(.debug_pubtypes)

.debug_ranges
 *(.debug_ranges)

.debug_macro
 *(.debug_macro)
OUTPUT(bt_eeprom_emulator.elf elf32-avr)
LOAD linker stubs

.bootloader_section
                0x000000000001e000        0x0

.image_section  0x0000000000001000        0x0

Cross Reference Table

Symbol                                            File
_Z10check_sramv                                   ./main.o
_ZN12buffers_ctrlC1Ev                             ./buffers_ctrl.o
                                                  ./main.o
_ZN12buffers_ctrlC2Ev                             ./buffers_ctrl.o
_ZN12leds_control7leds_onEv                       ./leds.o
_ZN14Serial_handler12is_in_bufferEPKchNS_8switchesE ./serial.o
_ZN14Serial_handler12wait_for_ackEj               ./serial.o
_ZN14Serial_handler3msg16compilation_dateE        ./serial.o
_ZN14Serial_handler3msg17wait_for_data_msgE       ./serial.o
_ZN14Serial_handler3msg3ackE                      ./serial.o
_ZN14Serial_handler3msg3endE                      ./serial.o
_ZN14Serial_handler3msg7timeoutE                  ./serial.o
_ZN14Serial_handler3msg8emulatorE                 ./serial.o
_ZN14Serial_handler3msg9handshakeE                ./serial.o
_ZN14Serial_handler3msg9page_sizeE                ./serial.o
_ZN14Serial_handler4initEv                        ./serial.o
_ZN14Serial_handler6handleEv                      ./serial.o
                                                  ./main.o
_ZN14Serial_handler9handshakeEv                   ./serial.o
_ZN14Serial_handlerC1EP9bluetooth                 ./serial.o
                                                  ./main.o
_ZN14Serial_handlerC2EP9bluetooth                 ./serial.o
_ZN7extsram10write_dataEjjPh                      ./extsram.o
_ZN7extsram10write_modeEj                         ./extsram.o
_ZN7extsram11set_addressEj                        ./extsram.o
_ZN7extsram12default_modeEv                       ./extsram.o
_ZN7extsram12delay_cyclesEh                       ./extsram.o
_ZN7extsram16read_single_byteEj                   ./extsram.o
_ZN7extsram17write_single_byteEjh                 ./extsram.o
_ZN7extsram21verify_sram_with_randEPch            ./extsram.o
                                                  ./main.o
_ZN7extsram8set_dataEh                            ./extsram.o
_ZN7extsram9read_dataEjjPh                        ./extsram.o
_ZN7extsram9read_modeEj                           ./extsram.o
_ZN7extsramC1Ev                                   ./extsram.o
                                                  ./main.o
_ZN7extsramC2Ev                                   ./extsram.o
_ZN8emulator11tmp_str_sizE                        ./emulator.o
_ZN8emulator23write_data_to_flash_memEP9bluetooth ./emulator.o
_ZN8emulator23write_page_to_flash_memEmPh         ./emulator.o
_ZN9bluetooth11put_raw_intEi                      ./bluetooth.o
_ZN9bluetooth12put_raw_lintEm                     ./bluetooth.o
_ZN9bluetooth2atEv                                ./bluetooth.o
_ZN9bluetooth5get_sEPch                           ./bluetooth.o
                                                  ./serial.o
                                                  ./main.o
_ZN9bluetooth9put_int_sEih                        ./bluetooth.o
                                                  ./serial.o
_ZN9bluetoothC1EjNS_5usartE                       ./bluetooth.o
                                                  ./main.o
_ZN9bluetoothC2EjNS_5usartE                       ./bluetooth.o
__bad_interrupt                                   /usr/lib/gcc/avr/4.9.2/../../../avr/lib/avr51/crtatmega128.o
__bss_end                                         /usr/lib/gcc/avr/4.9.2/avr51/libgcc.a(_clear_bss.o)
__bss_start                                       /usr/lib/gcc/avr/4.9.2/avr51/libgcc.a(_clear_bss.o)
__ctors_end                                       /usr/lib/gcc/avr/4.9.2/avr51/libgcc.a(_ctors.o)
__ctors_start                                     /usr/lib/gcc/avr/4.9.2/avr51/libgcc.a(_ctors.o)
__data_end                                        /usr/lib/gcc/avr/4.9.2/avr51/libgcc.a(_copy_data.o)
__data_load_start                                 /usr/lib/gcc/avr/4.9.2/avr51/libgcc.a(_copy_data.o)
__data_start                                      /usr/lib/gcc/avr/4.9.2/avr51/libgcc.a(_copy_data.o)
__divmodsi4                                       /usr/lib/gcc/avr/4.9.2/avr51/libgcc.a(_divmodsi4.o)
                                                  /usr/lib/gcc/avr/4.9.2/../../../avr/lib/avr51/libc.a(rand.o)
__do_clear_bss                                    /usr/lib/gcc/avr/4.9.2/avr51/libgcc.a(_clear_bss.o)
                                                  ./uart.o
                                                  ./main.o
__do_copy_data                                    /usr/lib/gcc/avr/4.9.2/avr51/libgcc.a(_copy_data.o)
                                                  /usr/lib/gcc/avr/4.9.2/../../../avr/lib/avr51/libc.a(rand.o)
                                                  ./serial.o
                                                  ./main.o
                                                  ./extsram.o
                                                  ./emulator.o
__do_global_ctors                                 /usr/lib/gcc/avr/4.9.2/avr51/libgcc.a(_ctors.o)
                                                  ./main.o
__heap_end                                        /usr/lib/gcc/avr/4.9.2/../../../avr/lib/avr51/crtatmega128.o
__init                                            /usr/lib/gcc/avr/4.9.2/../../../avr/lib/avr51/crtatmega128.o
__itoa                                            /usr/lib/gcc/avr/4.9.2/../../../avr/lib/avr51/libc.a(itoa.o)
                                                  ./bluetooth.o
__itoa_ncheck                                     /usr/lib/gcc/avr/4.9.2/../../../avr/lib/avr51/libc.a(itoa_ncheck.o)
                                                  /usr/lib/gcc/avr/4.9.2/../../../avr/lib/avr51/libc.a(itoa.o)
__mulohisi3                                       /usr/lib/gcc/avr/4.9.2/avr51/libgcc.a(_mulshisi3.o)
                                                  /usr/lib/gcc/avr/4.9.2/../../../avr/lib/avr51/libc.a(rand.o)
__mulshisi3                                       /usr/lib/gcc/avr/4.9.2/avr51/libgcc.a(_mulshisi3.o)
__muluhisi3                                       /usr/lib/gcc/avr/4.9.2/avr51/libgcc.a(_muluhisi3.o)
                                                  /usr/lib/gcc/avr/4.9.2/avr51/libgcc.a(_mulshisi3.o)
                                                  /usr/lib/gcc/avr/4.9.2/../../../avr/lib/avr51/libc.a(rand.o)
__negsi2                                          /usr/lib/gcc/avr/4.9.2/avr51/libgcc.a(_negsi2.o)
                                                  /usr/lib/gcc/avr/4.9.2/avr51/libgcc.a(_divmodsi4.o)
__stack                                           /usr/lib/gcc/avr/4.9.2/../../../avr/lib/avr51/crtatmega128.o
__tablejump2__                                    /usr/lib/gcc/avr/4.9.2/avr51/libgcc.a(_tablejump2.o)
                                                  /usr/lib/gcc/avr/4.9.2/avr51/libgcc.a(_ctors.o)
__udivmodsi4                                      /usr/lib/gcc/avr/4.9.2/avr51/libgcc.a(_udivmodsi4.o)
                                                  /usr/lib/gcc/avr/4.9.2/avr51/libgcc.a(_divmodsi4.o)
                                                  ./uart.o
__umulhisi3                                       /usr/lib/gcc/avr/4.9.2/avr51/libgcc.a(_umulhisi3.o)
                                                  /usr/lib/gcc/avr/4.9.2/avr51/libgcc.a(_muluhisi3.o)
__utoa_common                                     /usr/lib/gcc/avr/4.9.2/../../../avr/lib/avr51/libc.a(utoa_ncheck.o)
                                                  /usr/lib/gcc/avr/4.9.2/../../../avr/lib/avr51/libc.a(itoa_ncheck.o)
__utoa_ncheck                                     /usr/lib/gcc/avr/4.9.2/../../../avr/lib/avr51/libc.a(utoa_ncheck.o)
                                                  ./extsram.o
__vector_1                                        /usr/lib/gcc/avr/4.9.2/../../../avr/lib/avr51/crtatmega128.o
__vector_10                                       /usr/lib/gcc/avr/4.9.2/../../../avr/lib/avr51/crtatmega128.o
__vector_11                                       /usr/lib/gcc/avr/4.9.2/../../../avr/lib/avr51/crtatmega128.o
__vector_12                                       /usr/lib/gcc/avr/4.9.2/../../../avr/lib/avr51/crtatmega128.o
__vector_13                                       /usr/lib/gcc/avr/4.9.2/../../../avr/lib/avr51/crtatmega128.o
__vector_14                                       /usr/lib/gcc/avr/4.9.2/../../../avr/lib/avr51/crtatmega128.o
__vector_15                                       /usr/lib/gcc/avr/4.9.2/../../../avr/lib/avr51/crtatmega128.o
__vector_16                                       /usr/lib/gcc/avr/4.9.2/../../../avr/lib/avr51/crtatmega128.o
__vector_17                                       /usr/lib/gcc/avr/4.9.2/../../../avr/lib/avr51/crtatmega128.o
__vector_18                                       ./uart.o
                                                  /usr/lib/gcc/avr/4.9.2/../../../avr/lib/avr51/crtatmega128.o
__vector_19                                       ./uart.o
                                                  /usr/lib/gcc/avr/4.9.2/../../../avr/lib/avr51/crtatmega128.o
__vector_2                                        /usr/lib/gcc/avr/4.9.2/../../../avr/lib/avr51/crtatmega128.o
__vector_20                                       /usr/lib/gcc/avr/4.9.2/../../../avr/lib/avr51/crtatmega128.o
__vector_21                                       /usr/lib/gcc/avr/4.9.2/../../../avr/lib/avr51/crtatmega128.o
__vector_22                                       /usr/lib/gcc/avr/4.9.2/../../../avr/lib/avr51/crtatmega128.o
__vector_23                                       /usr/lib/gcc/avr/4.9.2/../../../avr/lib/avr51/crtatmega128.o
__vector_24                                       /usr/lib/gcc/avr/4.9.2/../../../avr/lib/avr51/crtatmega128.o
__vector_25                                       /usr/lib/gcc/avr/4.9.2/../../../avr/lib/avr51/crtatmega128.o
__vector_26                                       /usr/lib/gcc/avr/4.9.2/../../../avr/lib/avr51/crtatmega128.o
__vector_27                                       /usr/lib/gcc/avr/4.9.2/../../../avr/lib/avr51/crtatmega128.o
__vector_28                                       /usr/lib/gcc/avr/4.9.2/../../../avr/lib/avr51/crtatmega128.o
__vector_29                                       /usr/lib/gcc/avr/4.9.2/../../../avr/lib/avr51/crtatmega128.o
__vector_3                                        /usr/lib/gcc/avr/4.9.2/../../../avr/lib/avr51/crtatmega128.o
__vector_30                                       ./uart.o
                                                  /usr/lib/gcc/avr/4.9.2/../../../avr/lib/avr51/crtatmega128.o
__vector_31                                       ./uart.o
                                                  /usr/lib/gcc/avr/4.9.2/../../../avr/lib/avr51/crtatmega128.o
__vector_32                                       /usr/lib/gcc/avr/4.9.2/../../../avr/lib/avr51/crtatmega128.o
__vector_33                                       /usr/lib/gcc/avr/4.9.2/../../../avr/lib/avr51/crtatmega128.o
__vector_34                                       /usr/lib/gcc/avr/4.9.2/../../../avr/lib/avr51/crtatmega128.o
__vector_4                                        /usr/lib/gcc/avr/4.9.2/../../../avr/lib/avr51/crtatmega128.o
__vector_5                                        /usr/lib/gcc/avr/4.9.2/../../../avr/lib/avr51/crtatmega128.o
__vector_6                                        /usr/lib/gcc/avr/4.9.2/../../../avr/lib/avr51/crtatmega128.o
__vector_7                                        /usr/lib/gcc/avr/4.9.2/../../../avr/lib/avr51/crtatmega128.o
__vector_8                                        /usr/lib/gcc/avr/4.9.2/../../../avr/lib/avr51/crtatmega128.o
__vector_9                                        /usr/lib/gcc/avr/4.9.2/../../../avr/lib/avr51/crtatmega128.o
__vector_default                                  /usr/lib/gcc/avr/4.9.2/../../../avr/lib/avr51/crtatmega128.o
__vectors                                         /usr/lib/gcc/avr/4.9.2/../../../avr/lib/avr51/crtatmega128.o
_exit                                             /usr/lib/gcc/avr/4.9.2/avr51/libgcc.a(_exit.o)
data_bytes                                        ./main.o
exit                                              /usr/lib/gcc/avr/4.9.2/avr51/libgcc.a(_exit.o)
                                                  /usr/lib/gcc/avr/4.9.2/../../../avr/lib/avr51/crtatmega128.o
itoa                                              /usr/lib/gcc/avr/4.9.2/../../../avr/lib/avr51/libc.a(itoa.o)
main                                              ./main.o
                                                  /usr/lib/gcc/avr/4.9.2/../../../avr/lib/avr51/crtatmega128.o
rand                                              /usr/lib/gcc/avr/4.9.2/../../../avr/lib/avr51/libc.a(rand.o)
                                                  ./extsram.o
rand_r                                            /usr/lib/gcc/avr/4.9.2/../../../avr/lib/avr51/libc.a(rand.o)
srand                                             /usr/lib/gcc/avr/4.9.2/../../../avr/lib/avr51/libc.a(rand.o)
strcat                                            /usr/lib/gcc/avr/4.9.2/../../../avr/lib/avr51/libc.a(strcat.o)
                                                  ./extsram.o
strcmp_P                                          /usr/lib/gcc/avr/4.9.2/../../../avr/lib/avr51/libc.a(strcmp_P.o)
                                                  ./serial.o
strcpy                                            /usr/lib/gcc/avr/4.9.2/../../../avr/lib/avr51/libc.a(strcpy.o)
                                                  ./extsram.o
strncmp                                           /usr/lib/gcc/avr/4.9.2/../../../avr/lib/avr51/libc.a(strncmp.o)
                                                  ./serial.o
strrev                                            /usr/lib/gcc/avr/4.9.2/../../../avr/lib/avr51/libc.a(strrev.o)
                                                  /usr/lib/gcc/avr/4.9.2/../../../avr/lib/avr51/libc.a(utoa_ncheck.o)
u                                                 ./main.o
uart0_available                                   ./uart.o
                                                  ./bluetooth.o
uart0_flush                                       ./uart.o
                                                  ./bluetooth.o
uart0_getc                                        ./uart.o
                                                  ./bluetooth.o
uart0_init                                        ./uart.o
                                                  ./bluetooth.o
uart0_peek                                        ./uart.o
uart0_putc                                        ./uart.o
                                                  ./bluetooth.o
uart0_puts                                        ./uart.o
                                                  ./bluetooth.o
uart0_puts_p                                      ./uart.o
                                                  ./bluetooth.o
uart1_available                                   ./uart.o
                                                  ./bluetooth.o
uart1_flush                                       ./uart.o
                                                  ./bluetooth.o
uart1_getc                                        ./uart.o
                                                  ./bluetooth.o
uart1_init                                        ./uart.o
                                                  ./bluetooth.o
uart1_peek                                        ./uart.o
uart1_putc                                        ./uart.o
                                                  ./bluetooth.o
uart1_puts                                        ./uart.o
                                                  ./bluetooth.o
uart1_puts_p                                      ./uart.o
                                                  ./bluetooth.o
